# serializer version: 1
# name: test_graphql_electricity_midnight_cest
  EnergyPrices(prices={TimeRange(start_including=FakeDatetime(2025, 5, 30, 22, 0, tzinfo=datetime.timezone.utc), end_excluding=FakeDatetime(2025, 5, 30, 23, 0, tzinfo=datetime.timezone.utc)): 0.2862134, TimeRange(start_including=FakeDatetime(2025, 5, 30, 23, 0, tzinfo=datetime.timezone.utc), end_excluding=FakeDatetime(2025, 5, 31, 0, 0, tzinfo=datetime.timezone.utc)): 0.2749604, TimeRange(start_including=FakeDatetime(2025, 5, 31, 0, 0, tzinfo=datetime.timezone.utc), end_excluding=FakeDatetime(2025, 5, 31, 1, 0, tzinfo=datetime.timezone.utc)): 0.2714635, TimeRange(start_including=FakeDatetime(2025, 5, 31, 1, 0, tzinfo=datetime.timezone.utc), end_excluding=FakeDatetime(2025, 5, 31, 2, 0, tzinfo=datetime.timezone.utc)): 0.2700357, TimeRange(start_including=FakeDatetime(2025, 5, 31, 2, 0, tzinfo=datetime.timezone.utc), end_excluding=FakeDatetime(2025, 5, 31, 3, 0, tzinfo=datetime.timezone.utc)): 0.2706407, TimeRange(start_including=FakeDatetime(2025, 5, 31, 3, 0, tzinfo=datetime.timezone.utc), end_excluding=FakeDatetime(2025, 5, 31, 4, 0, tzinfo=datetime.timezone.utc)): 0.26876520000000004, TimeRange(start_including=FakeDatetime(2025, 5, 31, 4, 0, tzinfo=datetime.timezone.utc), end_excluding=FakeDatetime(2025, 5, 31, 5, 0, tzinfo=datetime.timezone.utc)): 0.2714393, TimeRange(start_including=FakeDatetime(2025, 5, 31, 5, 0, tzinfo=datetime.timezone.utc), end_excluding=FakeDatetime(2025, 5, 31, 6, 0, tzinfo=datetime.timezone.utc)): 0.2605614, TimeRange(start_including=FakeDatetime(2025, 5, 31, 6, 0, tzinfo=datetime.timezone.utc), end_excluding=FakeDatetime(2025, 5, 31, 7, 0, tzinfo=datetime.timezone.utc)): 0.2218535, TimeRange(start_including=FakeDatetime(2025, 5, 31, 7, 0, tzinfo=datetime.timezone.utc), end_excluding=FakeDatetime(2025, 5, 31, 8, 0, tzinfo=datetime.timezone.utc)): 0.1579534, TimeRange(start_including=FakeDatetime(2025, 5, 31, 8, 0, tzinfo=datetime.timezone.utc), end_excluding=FakeDatetime(2025, 5, 31, 9, 0, tzinfo=datetime.timezone.utc)): 0.1567192, TimeRange(start_including=FakeDatetime(2025, 5, 31, 9, 0, tzinfo=datetime.timezone.utc), end_excluding=FakeDatetime(2025, 5, 31, 10, 0, tzinfo=datetime.timezone.utc)): 0.15553340000000002, TimeRange(start_including=FakeDatetime(2025, 5, 31, 10, 0, tzinfo=datetime.timezone.utc), end_excluding=FakeDatetime(2025, 5, 31, 11, 0, tzinfo=datetime.timezone.utc)): 0.15302870000000002, TimeRange(start_including=FakeDatetime(2025, 5, 31, 11, 0, tzinfo=datetime.timezone.utc), end_excluding=FakeDatetime(2025, 5, 31, 12, 0, tzinfo=datetime.timezone.utc)): 0.1408077, TimeRange(start_including=FakeDatetime(2025, 5, 31, 12, 0, tzinfo=datetime.timezone.utc), end_excluding=FakeDatetime(2025, 5, 31, 13, 0, tzinfo=datetime.timezone.utc)): 0.1473659, TimeRange(start_including=FakeDatetime(2025, 5, 31, 13, 0, tzinfo=datetime.timezone.utc), end_excluding=FakeDatetime(2025, 5, 31, 14, 0, tzinfo=datetime.timezone.utc)): 0.1531134, TimeRange(start_including=FakeDatetime(2025, 5, 31, 14, 0, tzinfo=datetime.timezone.utc), end_excluding=FakeDatetime(2025, 5, 31, 15, 0, tzinfo=datetime.timezone.utc)): 0.1566829, TimeRange(start_including=FakeDatetime(2025, 5, 31, 15, 0, tzinfo=datetime.timezone.utc), end_excluding=FakeDatetime(2025, 5, 31, 16, 0, tzinfo=datetime.timezone.utc)): 0.20090840000000001, TimeRange(start_including=FakeDatetime(2025, 5, 31, 16, 0, tzinfo=datetime.timezone.utc), end_excluding=FakeDatetime(2025, 5, 31, 17, 0, tzinfo=datetime.timezone.utc)): 0.2642519, TimeRange(start_including=FakeDatetime(2025, 5, 31, 17, 0, tzinfo=datetime.timezone.utc), end_excluding=FakeDatetime(2025, 5, 31, 18, 0, tzinfo=datetime.timezone.utc)): 0.3157495, TimeRange(start_including=FakeDatetime(2025, 5, 31, 18, 0, tzinfo=datetime.timezone.utc), end_excluding=FakeDatetime(2025, 5, 31, 19, 0, tzinfo=datetime.timezone.utc)): 0.38948689999999997, TimeRange(start_including=FakeDatetime(2025, 5, 31, 19, 0, tzinfo=datetime.timezone.utc), end_excluding=FakeDatetime(2025, 5, 31, 20, 0, tzinfo=datetime.timezone.utc)): 0.3895111, TimeRange(start_including=FakeDatetime(2025, 5, 31, 20, 0, tzinfo=datetime.timezone.utc), end_excluding=FakeDatetime(2025, 5, 31, 21, 0, tzinfo=datetime.timezone.utc)): 0.321013, TimeRange(start_including=FakeDatetime(2025, 5, 31, 21, 0, tzinfo=datetime.timezone.utc), end_excluding=FakeDatetime(2025, 5, 31, 22, 0, tzinfo=datetime.timezone.utc)): 0.2774893}, average_price=0.24064782499999993)
# ---
# name: test_graphql_electricity_model
  EnergyPrices(prices={TimeRange(start_including=FakeDatetime(2025, 5, 30, 22, 0, tzinfo=datetime.timezone.utc), end_excluding=FakeDatetime(2025, 5, 30, 23, 0, tzinfo=datetime.timezone.utc)): 0.2862134, TimeRange(start_including=FakeDatetime(2025, 5, 30, 23, 0, tzinfo=datetime.timezone.utc), end_excluding=FakeDatetime(2025, 5, 31, 0, 0, tzinfo=datetime.timezone.utc)): 0.2749604, TimeRange(start_including=FakeDatetime(2025, 5, 31, 0, 0, tzinfo=datetime.timezone.utc), end_excluding=FakeDatetime(2025, 5, 31, 1, 0, tzinfo=datetime.timezone.utc)): 0.2714635, TimeRange(start_including=FakeDatetime(2025, 5, 31, 1, 0, tzinfo=datetime.timezone.utc), end_excluding=FakeDatetime(2025, 5, 31, 2, 0, tzinfo=datetime.timezone.utc)): 0.2700357, TimeRange(start_including=FakeDatetime(2025, 5, 31, 2, 0, tzinfo=datetime.timezone.utc), end_excluding=FakeDatetime(2025, 5, 31, 3, 0, tzinfo=datetime.timezone.utc)): 0.2706407, TimeRange(start_including=FakeDatetime(2025, 5, 31, 3, 0, tzinfo=datetime.timezone.utc), end_excluding=FakeDatetime(2025, 5, 31, 4, 0, tzinfo=datetime.timezone.utc)): 0.26876520000000004, TimeRange(start_including=FakeDatetime(2025, 5, 31, 4, 0, tzinfo=datetime.timezone.utc), end_excluding=FakeDatetime(2025, 5, 31, 5, 0, tzinfo=datetime.timezone.utc)): 0.2714393, TimeRange(start_including=FakeDatetime(2025, 5, 31, 5, 0, tzinfo=datetime.timezone.utc), end_excluding=FakeDatetime(2025, 5, 31, 6, 0, tzinfo=datetime.timezone.utc)): 0.2605614, TimeRange(start_including=FakeDatetime(2025, 5, 31, 6, 0, tzinfo=datetime.timezone.utc), end_excluding=FakeDatetime(2025, 5, 31, 7, 0, tzinfo=datetime.timezone.utc)): 0.2218535, TimeRange(start_including=FakeDatetime(2025, 5, 31, 7, 0, tzinfo=datetime.timezone.utc), end_excluding=FakeDatetime(2025, 5, 31, 8, 0, tzinfo=datetime.timezone.utc)): 0.1579534, TimeRange(start_including=FakeDatetime(2025, 5, 31, 8, 0, tzinfo=datetime.timezone.utc), end_excluding=FakeDatetime(2025, 5, 31, 9, 0, tzinfo=datetime.timezone.utc)): 0.1567192, TimeRange(start_including=FakeDatetime(2025, 5, 31, 9, 0, tzinfo=datetime.timezone.utc), end_excluding=FakeDatetime(2025, 5, 31, 10, 0, tzinfo=datetime.timezone.utc)): 0.15553340000000002, TimeRange(start_including=FakeDatetime(2025, 5, 31, 10, 0, tzinfo=datetime.timezone.utc), end_excluding=FakeDatetime(2025, 5, 31, 11, 0, tzinfo=datetime.timezone.utc)): 0.15302870000000002, TimeRange(start_including=FakeDatetime(2025, 5, 31, 11, 0, tzinfo=datetime.timezone.utc), end_excluding=FakeDatetime(2025, 5, 31, 12, 0, tzinfo=datetime.timezone.utc)): 0.1408077, TimeRange(start_including=FakeDatetime(2025, 5, 31, 12, 0, tzinfo=datetime.timezone.utc), end_excluding=FakeDatetime(2025, 5, 31, 13, 0, tzinfo=datetime.timezone.utc)): 0.1473659, TimeRange(start_including=FakeDatetime(2025, 5, 31, 13, 0, tzinfo=datetime.timezone.utc), end_excluding=FakeDatetime(2025, 5, 31, 14, 0, tzinfo=datetime.timezone.utc)): 0.1531134, TimeRange(start_including=FakeDatetime(2025, 5, 31, 14, 0, tzinfo=datetime.timezone.utc), end_excluding=FakeDatetime(2025, 5, 31, 15, 0, tzinfo=datetime.timezone.utc)): 0.1566829, TimeRange(start_including=FakeDatetime(2025, 5, 31, 15, 0, tzinfo=datetime.timezone.utc), end_excluding=FakeDatetime(2025, 5, 31, 16, 0, tzinfo=datetime.timezone.utc)): 0.20090840000000001, TimeRange(start_including=FakeDatetime(2025, 5, 31, 16, 0, tzinfo=datetime.timezone.utc), end_excluding=FakeDatetime(2025, 5, 31, 17, 0, tzinfo=datetime.timezone.utc)): 0.2642519, TimeRange(start_including=FakeDatetime(2025, 5, 31, 17, 0, tzinfo=datetime.timezone.utc), end_excluding=FakeDatetime(2025, 5, 31, 18, 0, tzinfo=datetime.timezone.utc)): 0.3157495, TimeRange(start_including=FakeDatetime(2025, 5, 31, 18, 0, tzinfo=datetime.timezone.utc), end_excluding=FakeDatetime(2025, 5, 31, 19, 0, tzinfo=datetime.timezone.utc)): 0.38948689999999997, TimeRange(start_including=FakeDatetime(2025, 5, 31, 19, 0, tzinfo=datetime.timezone.utc), end_excluding=FakeDatetime(2025, 5, 31, 20, 0, tzinfo=datetime.timezone.utc)): 0.3895111, TimeRange(start_including=FakeDatetime(2025, 5, 31, 20, 0, tzinfo=datetime.timezone.utc), end_excluding=FakeDatetime(2025, 5, 31, 21, 0, tzinfo=datetime.timezone.utc)): 0.321013, TimeRange(start_including=FakeDatetime(2025, 5, 31, 21, 0, tzinfo=datetime.timezone.utc), end_excluding=FakeDatetime(2025, 5, 31, 22, 0, tzinfo=datetime.timezone.utc)): 0.2774893}, average_price=0.24064782499999993)
# ---
# name: test_graphql_electricity_no_prices
  EnergyPrices(prices={}, average_price=None)
# ---
# name: test_graphql_electricity_none_date
  EnergyPrices(prices={TimeRange(start_including=FakeDatetime(2025, 5, 30, 22, 0, tzinfo=datetime.timezone.utc), end_excluding=FakeDatetime(2025, 5, 30, 23, 0, tzinfo=datetime.timezone.utc)): 0.2862134, TimeRange(start_including=FakeDatetime(2025, 5, 30, 23, 0, tzinfo=datetime.timezone.utc), end_excluding=FakeDatetime(2025, 5, 31, 0, 0, tzinfo=datetime.timezone.utc)): 0.2749604, TimeRange(start_including=FakeDatetime(2025, 5, 31, 0, 0, tzinfo=datetime.timezone.utc), end_excluding=FakeDatetime(2025, 5, 31, 1, 0, tzinfo=datetime.timezone.utc)): 0.2714635, TimeRange(start_including=FakeDatetime(2025, 5, 31, 1, 0, tzinfo=datetime.timezone.utc), end_excluding=FakeDatetime(2025, 5, 31, 2, 0, tzinfo=datetime.timezone.utc)): 0.2700357, TimeRange(start_including=FakeDatetime(2025, 5, 31, 2, 0, tzinfo=datetime.timezone.utc), end_excluding=FakeDatetime(2025, 5, 31, 3, 0, tzinfo=datetime.timezone.utc)): 0.2706407, TimeRange(start_including=FakeDatetime(2025, 5, 31, 3, 0, tzinfo=datetime.timezone.utc), end_excluding=FakeDatetime(2025, 5, 31, 4, 0, tzinfo=datetime.timezone.utc)): 0.26876520000000004, TimeRange(start_including=FakeDatetime(2025, 5, 31, 4, 0, tzinfo=datetime.timezone.utc), end_excluding=FakeDatetime(2025, 5, 31, 5, 0, tzinfo=datetime.timezone.utc)): 0.2714393, TimeRange(start_including=FakeDatetime(2025, 5, 31, 5, 0, tzinfo=datetime.timezone.utc), end_excluding=FakeDatetime(2025, 5, 31, 6, 0, tzinfo=datetime.timezone.utc)): 0.2605614, TimeRange(start_including=FakeDatetime(2025, 5, 31, 6, 0, tzinfo=datetime.timezone.utc), end_excluding=FakeDatetime(2025, 5, 31, 7, 0, tzinfo=datetime.timezone.utc)): 0.2218535, TimeRange(start_including=FakeDatetime(2025, 5, 31, 7, 0, tzinfo=datetime.timezone.utc), end_excluding=FakeDatetime(2025, 5, 31, 8, 0, tzinfo=datetime.timezone.utc)): 0.1579534, TimeRange(start_including=FakeDatetime(2025, 5, 31, 8, 0, tzinfo=datetime.timezone.utc), end_excluding=FakeDatetime(2025, 5, 31, 9, 0, tzinfo=datetime.timezone.utc)): 0.1567192, TimeRange(start_including=FakeDatetime(2025, 5, 31, 9, 0, tzinfo=datetime.timezone.utc), end_excluding=FakeDatetime(2025, 5, 31, 10, 0, tzinfo=datetime.timezone.utc)): 0.15553340000000002, TimeRange(start_including=FakeDatetime(2025, 5, 31, 10, 0, tzinfo=datetime.timezone.utc), end_excluding=FakeDatetime(2025, 5, 31, 11, 0, tzinfo=datetime.timezone.utc)): 0.15302870000000002, TimeRange(start_including=FakeDatetime(2025, 5, 31, 11, 0, tzinfo=datetime.timezone.utc), end_excluding=FakeDatetime(2025, 5, 31, 12, 0, tzinfo=datetime.timezone.utc)): 0.1408077, TimeRange(start_including=FakeDatetime(2025, 5, 31, 12, 0, tzinfo=datetime.timezone.utc), end_excluding=FakeDatetime(2025, 5, 31, 13, 0, tzinfo=datetime.timezone.utc)): 0.1473659, TimeRange(start_including=FakeDatetime(2025, 5, 31, 13, 0, tzinfo=datetime.timezone.utc), end_excluding=FakeDatetime(2025, 5, 31, 14, 0, tzinfo=datetime.timezone.utc)): 0.1531134, TimeRange(start_including=FakeDatetime(2025, 5, 31, 14, 0, tzinfo=datetime.timezone.utc), end_excluding=FakeDatetime(2025, 5, 31, 15, 0, tzinfo=datetime.timezone.utc)): 0.1566829, TimeRange(start_including=FakeDatetime(2025, 5, 31, 15, 0, tzinfo=datetime.timezone.utc), end_excluding=FakeDatetime(2025, 5, 31, 16, 0, tzinfo=datetime.timezone.utc)): 0.20090840000000001, TimeRange(start_including=FakeDatetime(2025, 5, 31, 16, 0, tzinfo=datetime.timezone.utc), end_excluding=FakeDatetime(2025, 5, 31, 17, 0, tzinfo=datetime.timezone.utc)): 0.2642519, TimeRange(start_including=FakeDatetime(2025, 5, 31, 17, 0, tzinfo=datetime.timezone.utc), end_excluding=FakeDatetime(2025, 5, 31, 18, 0, tzinfo=datetime.timezone.utc)): 0.3157495, TimeRange(start_including=FakeDatetime(2025, 5, 31, 18, 0, tzinfo=datetime.timezone.utc), end_excluding=FakeDatetime(2025, 5, 31, 19, 0, tzinfo=datetime.timezone.utc)): 0.38948689999999997, TimeRange(start_including=FakeDatetime(2025, 5, 31, 19, 0, tzinfo=datetime.timezone.utc), end_excluding=FakeDatetime(2025, 5, 31, 20, 0, tzinfo=datetime.timezone.utc)): 0.3895111, TimeRange(start_including=FakeDatetime(2025, 5, 31, 20, 0, tzinfo=datetime.timezone.utc), end_excluding=FakeDatetime(2025, 5, 31, 21, 0, tzinfo=datetime.timezone.utc)): 0.321013, TimeRange(start_including=FakeDatetime(2025, 5, 31, 21, 0, tzinfo=datetime.timezone.utc), end_excluding=FakeDatetime(2025, 5, 31, 22, 0, tzinfo=datetime.timezone.utc)): 0.2774893}, average_price=0.24064782499999993)
# ---
# name: test_graphql_gas_model
  EnergyPrices(prices={TimeRange(start_including=FakeDatetime(2025, 5, 30, 4, 0, tzinfo=datetime.timezone.utc), end_excluding=FakeDatetime(2025, 5, 31, 4, 0, tzinfo=datetime.timezone.utc)): 1.21367051296348, TimeRange(start_including=FakeDatetime(2025, 5, 31, 4, 0, tzinfo=datetime.timezone.utc), end_excluding=FakeDatetime(2025, 6, 1, 4, 0, tzinfo=datetime.timezone.utc)): 1.19915429151276}, average_price=1.20641240223812)
# ---
# name: test_graphql_gas_morning_model
  EnergyPrices(prices={TimeRange(start_including=FakeDatetime(2025, 5, 30, 4, 0, tzinfo=datetime.timezone.utc), end_excluding=FakeDatetime(2025, 5, 31, 4, 0, tzinfo=datetime.timezone.utc)): 1.21367051296348, TimeRange(start_including=FakeDatetime(2025, 5, 31, 4, 0, tzinfo=datetime.timezone.utc), end_excluding=FakeDatetime(2025, 6, 1, 4, 0, tzinfo=datetime.timezone.utc)): 1.19915429151276}, average_price=1.20641240223812)
# ---
# name: test_graphql_gas_none_date
  EnergyPrices(prices={TimeRange(start_including=FakeDatetime(2025, 5, 30, 4, 0, tzinfo=datetime.timezone.utc), end_excluding=FakeDatetime(2025, 5, 31, 4, 0, tzinfo=datetime.timezone.utc)): 1.21367051296348, TimeRange(start_including=FakeDatetime(2025, 5, 31, 4, 0, tzinfo=datetime.timezone.utc), end_excluding=FakeDatetime(2025, 6, 1, 4, 0, tzinfo=datetime.timezone.utc)): 1.19915429151276}, average_price=1.20641240223812)
# ---
