# serializer version: 1
# name: test_electricity_midnight_cest
  Electricity(prices={FakeDatetime(2022, 12, 6, 22, 0, tzinfo=datetime.timezone.utc): 0.31, FakeDatetime(2022, 12, 6, 23, 0, tzinfo=datetime.timezone.utc): 0.35, FakeDatetime(2022, 12, 7, 0, 0, tzinfo=datetime.timezone.utc): 0.32, FakeDatetime(2022, 12, 7, 1, 0, tzinfo=datetime.timezone.utc): 0.28, FakeDatetime(2022, 12, 7, 2, 0, tzinfo=datetime.timezone.utc): 0.26, FakeDatetime(2022, 12, 7, 3, 0, tzinfo=datetime.timezone.utc): 0.27, FakeDatetime(2022, 12, 7, 4, 0, tzinfo=datetime.timezone.utc): 0.28, FakeDatetime(2022, 12, 7, 5, 0, tzinfo=datetime.timezone.utc): 0.28, FakeDatetime(2022, 12, 7, 6, 0, tzinfo=datetime.timezone.utc): 0.38, FakeDatetime(2022, 12, 7, 7, 0, tzinfo=datetime.timezone.utc): 0.41, FakeDatetime(2022, 12, 7, 8, 0, tzinfo=datetime.timezone.utc): 0.46, FakeDatetime(2022, 12, 7, 9, 0, tzinfo=datetime.timezone.utc): 0.44, FakeDatetime(2022, 12, 7, 10, 0, tzinfo=datetime.timezone.utc): 0.39, FakeDatetime(2022, 12, 7, 11, 0, tzinfo=datetime.timezone.utc): 0.33, FakeDatetime(2022, 12, 7, 12, 0, tzinfo=datetime.timezone.utc): 0.37, FakeDatetime(2022, 12, 7, 13, 0, tzinfo=datetime.timezone.utc): 0.44, FakeDatetime(2022, 12, 7, 14, 0, tzinfo=datetime.timezone.utc): 0.48, FakeDatetime(2022, 12, 7, 15, 0, tzinfo=datetime.timezone.utc): 0.49, FakeDatetime(2022, 12, 7, 16, 0, tzinfo=datetime.timezone.utc): 0.55, FakeDatetime(2022, 12, 7, 17, 0, tzinfo=datetime.timezone.utc): 0.37, FakeDatetime(2022, 12, 7, 18, 0, tzinfo=datetime.timezone.utc): 0.4, FakeDatetime(2022, 12, 7, 19, 0, tzinfo=datetime.timezone.utc): 0.4, FakeDatetime(2022, 12, 7, 20, 0, tzinfo=datetime.timezone.utc): 0.32, FakeDatetime(2022, 12, 7, 21, 0, tzinfo=datetime.timezone.utc): 0.33, FakeDatetime(2022, 12, 7, 22, 0, tzinfo=datetime.timezone.utc): 0.31}, average_price=0.37)
# ---
# name: test_electricity_model
  Electricity(prices={FakeDatetime(2022, 12, 6, 22, 0, tzinfo=datetime.timezone.utc): 0.31, FakeDatetime(2022, 12, 6, 23, 0, tzinfo=datetime.timezone.utc): 0.35, FakeDatetime(2022, 12, 7, 0, 0, tzinfo=datetime.timezone.utc): 0.32, FakeDatetime(2022, 12, 7, 1, 0, tzinfo=datetime.timezone.utc): 0.28, FakeDatetime(2022, 12, 7, 2, 0, tzinfo=datetime.timezone.utc): 0.26, FakeDatetime(2022, 12, 7, 3, 0, tzinfo=datetime.timezone.utc): 0.27, FakeDatetime(2022, 12, 7, 4, 0, tzinfo=datetime.timezone.utc): 0.28, FakeDatetime(2022, 12, 7, 5, 0, tzinfo=datetime.timezone.utc): 0.28, FakeDatetime(2022, 12, 7, 6, 0, tzinfo=datetime.timezone.utc): 0.38, FakeDatetime(2022, 12, 7, 7, 0, tzinfo=datetime.timezone.utc): 0.41, FakeDatetime(2022, 12, 7, 8, 0, tzinfo=datetime.timezone.utc): 0.46, FakeDatetime(2022, 12, 7, 9, 0, tzinfo=datetime.timezone.utc): 0.44, FakeDatetime(2022, 12, 7, 10, 0, tzinfo=datetime.timezone.utc): 0.39, FakeDatetime(2022, 12, 7, 11, 0, tzinfo=datetime.timezone.utc): 0.33, FakeDatetime(2022, 12, 7, 12, 0, tzinfo=datetime.timezone.utc): 0.37, FakeDatetime(2022, 12, 7, 13, 0, tzinfo=datetime.timezone.utc): 0.44, FakeDatetime(2022, 12, 7, 14, 0, tzinfo=datetime.timezone.utc): 0.48, FakeDatetime(2022, 12, 7, 15, 0, tzinfo=datetime.timezone.utc): 0.49, FakeDatetime(2022, 12, 7, 16, 0, tzinfo=datetime.timezone.utc): 0.55, FakeDatetime(2022, 12, 7, 17, 0, tzinfo=datetime.timezone.utc): 0.37, FakeDatetime(2022, 12, 7, 18, 0, tzinfo=datetime.timezone.utc): 0.4, FakeDatetime(2022, 12, 7, 19, 0, tzinfo=datetime.timezone.utc): 0.4, FakeDatetime(2022, 12, 7, 20, 0, tzinfo=datetime.timezone.utc): 0.32, FakeDatetime(2022, 12, 7, 21, 0, tzinfo=datetime.timezone.utc): 0.33, FakeDatetime(2022, 12, 7, 22, 0, tzinfo=datetime.timezone.utc): 0.31}, average_price=0.37)
# ---
# name: test_electricity_none_date
  Electricity(prices={datetime.datetime(2022, 12, 6, 22, 0, tzinfo=datetime.timezone.utc): 0.31, datetime.datetime(2022, 12, 6, 23, 0, tzinfo=datetime.timezone.utc): 0.35, datetime.datetime(2022, 12, 7, 0, 0, tzinfo=datetime.timezone.utc): 0.32, datetime.datetime(2022, 12, 7, 1, 0, tzinfo=datetime.timezone.utc): 0.28, datetime.datetime(2022, 12, 7, 2, 0, tzinfo=datetime.timezone.utc): 0.26, datetime.datetime(2022, 12, 7, 3, 0, tzinfo=datetime.timezone.utc): 0.27, datetime.datetime(2022, 12, 7, 4, 0, tzinfo=datetime.timezone.utc): 0.28, datetime.datetime(2022, 12, 7, 5, 0, tzinfo=datetime.timezone.utc): 0.28, datetime.datetime(2022, 12, 7, 6, 0, tzinfo=datetime.timezone.utc): 0.38, datetime.datetime(2022, 12, 7, 7, 0, tzinfo=datetime.timezone.utc): 0.41, datetime.datetime(2022, 12, 7, 8, 0, tzinfo=datetime.timezone.utc): 0.46, datetime.datetime(2022, 12, 7, 9, 0, tzinfo=datetime.timezone.utc): 0.44, datetime.datetime(2022, 12, 7, 10, 0, tzinfo=datetime.timezone.utc): 0.39, datetime.datetime(2022, 12, 7, 11, 0, tzinfo=datetime.timezone.utc): 0.33, datetime.datetime(2022, 12, 7, 12, 0, tzinfo=datetime.timezone.utc): 0.37, datetime.datetime(2022, 12, 7, 13, 0, tzinfo=datetime.timezone.utc): 0.44, datetime.datetime(2022, 12, 7, 14, 0, tzinfo=datetime.timezone.utc): 0.48, datetime.datetime(2022, 12, 7, 15, 0, tzinfo=datetime.timezone.utc): 0.49, datetime.datetime(2022, 12, 7, 16, 0, tzinfo=datetime.timezone.utc): 0.55, datetime.datetime(2022, 12, 7, 17, 0, tzinfo=datetime.timezone.utc): 0.37, datetime.datetime(2022, 12, 7, 18, 0, tzinfo=datetime.timezone.utc): 0.4, datetime.datetime(2022, 12, 7, 19, 0, tzinfo=datetime.timezone.utc): 0.4, datetime.datetime(2022, 12, 7, 20, 0, tzinfo=datetime.timezone.utc): 0.32, datetime.datetime(2022, 12, 7, 21, 0, tzinfo=datetime.timezone.utc): 0.33, datetime.datetime(2022, 12, 7, 22, 0, tzinfo=datetime.timezone.utc): 0.31}, average_price=0.37)
# ---
# name: test_gas_model
  Gas(prices={FakeDatetime(2022, 12, 5, 23, 0, tzinfo=datetime.timezone.utc): 1.43, FakeDatetime(2022, 12, 6, 0, 0, tzinfo=datetime.timezone.utc): 1.43, FakeDatetime(2022, 12, 6, 1, 0, tzinfo=datetime.timezone.utc): 1.43, FakeDatetime(2022, 12, 6, 2, 0, tzinfo=datetime.timezone.utc): 1.43, FakeDatetime(2022, 12, 6, 3, 0, tzinfo=datetime.timezone.utc): 1.43, FakeDatetime(2022, 12, 6, 4, 0, tzinfo=datetime.timezone.utc): 1.43, FakeDatetime(2022, 12, 6, 5, 0, tzinfo=datetime.timezone.utc): 1.45, FakeDatetime(2022, 12, 6, 6, 0, tzinfo=datetime.timezone.utc): 1.45, FakeDatetime(2022, 12, 6, 7, 0, tzinfo=datetime.timezone.utc): 1.45, FakeDatetime(2022, 12, 6, 8, 0, tzinfo=datetime.timezone.utc): 1.45, FakeDatetime(2022, 12, 6, 9, 0, tzinfo=datetime.timezone.utc): 1.45, FakeDatetime(2022, 12, 6, 10, 0, tzinfo=datetime.timezone.utc): 1.45, FakeDatetime(2022, 12, 6, 11, 0, tzinfo=datetime.timezone.utc): 1.45, FakeDatetime(2022, 12, 6, 12, 0, tzinfo=datetime.timezone.utc): 1.45, FakeDatetime(2022, 12, 6, 13, 0, tzinfo=datetime.timezone.utc): 1.45, FakeDatetime(2022, 12, 6, 14, 0, tzinfo=datetime.timezone.utc): 1.45, FakeDatetime(2022, 12, 6, 15, 0, tzinfo=datetime.timezone.utc): 1.45, FakeDatetime(2022, 12, 6, 16, 0, tzinfo=datetime.timezone.utc): 1.45, FakeDatetime(2022, 12, 6, 17, 0, tzinfo=datetime.timezone.utc): 1.45, FakeDatetime(2022, 12, 6, 18, 0, tzinfo=datetime.timezone.utc): 1.45, FakeDatetime(2022, 12, 6, 19, 0, tzinfo=datetime.timezone.utc): 1.45, FakeDatetime(2022, 12, 6, 20, 0, tzinfo=datetime.timezone.utc): 1.45, FakeDatetime(2022, 12, 6, 21, 0, tzinfo=datetime.timezone.utc): 1.45, FakeDatetime(2022, 12, 6, 22, 0, tzinfo=datetime.timezone.utc): 1.45, FakeDatetime(2022, 12, 6, 23, 0, tzinfo=datetime.timezone.utc): 1.45, FakeDatetime(2022, 12, 7, 0, 0, tzinfo=datetime.timezone.utc): 1.45, FakeDatetime(2022, 12, 7, 1, 0, tzinfo=datetime.timezone.utc): 1.45, FakeDatetime(2022, 12, 7, 2, 0, tzinfo=datetime.timezone.utc): 1.45, FakeDatetime(2022, 12, 7, 3, 0, tzinfo=datetime.timezone.utc): 1.45, FakeDatetime(2022, 12, 7, 4, 0, tzinfo=datetime.timezone.utc): 1.45, FakeDatetime(2022, 12, 7, 5, 0, tzinfo=datetime.timezone.utc): 1.47, FakeDatetime(2022, 12, 7, 6, 0, tzinfo=datetime.timezone.utc): 1.47, FakeDatetime(2022, 12, 7, 7, 0, tzinfo=datetime.timezone.utc): 1.47, FakeDatetime(2022, 12, 7, 8, 0, tzinfo=datetime.timezone.utc): 1.47, FakeDatetime(2022, 12, 7, 9, 0, tzinfo=datetime.timezone.utc): 1.47, FakeDatetime(2022, 12, 7, 10, 0, tzinfo=datetime.timezone.utc): 1.47, FakeDatetime(2022, 12, 7, 11, 0, tzinfo=datetime.timezone.utc): 1.47, FakeDatetime(2022, 12, 7, 12, 0, tzinfo=datetime.timezone.utc): 1.47, FakeDatetime(2022, 12, 7, 13, 0, tzinfo=datetime.timezone.utc): 1.47, FakeDatetime(2022, 12, 7, 14, 0, tzinfo=datetime.timezone.utc): 1.47, FakeDatetime(2022, 12, 7, 15, 0, tzinfo=datetime.timezone.utc): 1.47, FakeDatetime(2022, 12, 7, 16, 0, tzinfo=datetime.timezone.utc): 1.47, FakeDatetime(2022, 12, 7, 17, 0, tzinfo=datetime.timezone.utc): 1.47, FakeDatetime(2022, 12, 7, 18, 0, tzinfo=datetime.timezone.utc): 1.47, FakeDatetime(2022, 12, 7, 19, 0, tzinfo=datetime.timezone.utc): 1.47, FakeDatetime(2022, 12, 7, 20, 0, tzinfo=datetime.timezone.utc): 1.47, FakeDatetime(2022, 12, 7, 21, 0, tzinfo=datetime.timezone.utc): 1.47, FakeDatetime(2022, 12, 7, 22, 0, tzinfo=datetime.timezone.utc): 1.47}, average_price=1.46)
# ---
# name: test_gas_morning_model
  Gas(prices={FakeDatetime(2022, 12, 5, 23, 0, tzinfo=datetime.timezone.utc): 1.43, FakeDatetime(2022, 12, 6, 0, 0, tzinfo=datetime.timezone.utc): 1.43, FakeDatetime(2022, 12, 6, 1, 0, tzinfo=datetime.timezone.utc): 1.43, FakeDatetime(2022, 12, 6, 2, 0, tzinfo=datetime.timezone.utc): 1.43, FakeDatetime(2022, 12, 6, 3, 0, tzinfo=datetime.timezone.utc): 1.43, FakeDatetime(2022, 12, 6, 4, 0, tzinfo=datetime.timezone.utc): 1.43, FakeDatetime(2022, 12, 6, 5, 0, tzinfo=datetime.timezone.utc): 1.45, FakeDatetime(2022, 12, 6, 6, 0, tzinfo=datetime.timezone.utc): 1.45, FakeDatetime(2022, 12, 6, 7, 0, tzinfo=datetime.timezone.utc): 1.45, FakeDatetime(2022, 12, 6, 8, 0, tzinfo=datetime.timezone.utc): 1.45, FakeDatetime(2022, 12, 6, 9, 0, tzinfo=datetime.timezone.utc): 1.45, FakeDatetime(2022, 12, 6, 10, 0, tzinfo=datetime.timezone.utc): 1.45, FakeDatetime(2022, 12, 6, 11, 0, tzinfo=datetime.timezone.utc): 1.45, FakeDatetime(2022, 12, 6, 12, 0, tzinfo=datetime.timezone.utc): 1.45, FakeDatetime(2022, 12, 6, 13, 0, tzinfo=datetime.timezone.utc): 1.45, FakeDatetime(2022, 12, 6, 14, 0, tzinfo=datetime.timezone.utc): 1.45, FakeDatetime(2022, 12, 6, 15, 0, tzinfo=datetime.timezone.utc): 1.45, FakeDatetime(2022, 12, 6, 16, 0, tzinfo=datetime.timezone.utc): 1.45, FakeDatetime(2022, 12, 6, 17, 0, tzinfo=datetime.timezone.utc): 1.45, FakeDatetime(2022, 12, 6, 18, 0, tzinfo=datetime.timezone.utc): 1.45, FakeDatetime(2022, 12, 6, 19, 0, tzinfo=datetime.timezone.utc): 1.45, FakeDatetime(2022, 12, 6, 20, 0, tzinfo=datetime.timezone.utc): 1.45, FakeDatetime(2022, 12, 6, 21, 0, tzinfo=datetime.timezone.utc): 1.45, FakeDatetime(2022, 12, 6, 22, 0, tzinfo=datetime.timezone.utc): 1.45, FakeDatetime(2022, 12, 6, 23, 0, tzinfo=datetime.timezone.utc): 1.45, FakeDatetime(2022, 12, 7, 0, 0, tzinfo=datetime.timezone.utc): 1.45, FakeDatetime(2022, 12, 7, 1, 0, tzinfo=datetime.timezone.utc): 1.45, FakeDatetime(2022, 12, 7, 2, 0, tzinfo=datetime.timezone.utc): 1.45, FakeDatetime(2022, 12, 7, 3, 0, tzinfo=datetime.timezone.utc): 1.45, FakeDatetime(2022, 12, 7, 4, 0, tzinfo=datetime.timezone.utc): 1.45, FakeDatetime(2022, 12, 7, 5, 0, tzinfo=datetime.timezone.utc): 1.47, FakeDatetime(2022, 12, 7, 6, 0, tzinfo=datetime.timezone.utc): 1.47, FakeDatetime(2022, 12, 7, 7, 0, tzinfo=datetime.timezone.utc): 1.47, FakeDatetime(2022, 12, 7, 8, 0, tzinfo=datetime.timezone.utc): 1.47, FakeDatetime(2022, 12, 7, 9, 0, tzinfo=datetime.timezone.utc): 1.47, FakeDatetime(2022, 12, 7, 10, 0, tzinfo=datetime.timezone.utc): 1.47, FakeDatetime(2022, 12, 7, 11, 0, tzinfo=datetime.timezone.utc): 1.47, FakeDatetime(2022, 12, 7, 12, 0, tzinfo=datetime.timezone.utc): 1.47, FakeDatetime(2022, 12, 7, 13, 0, tzinfo=datetime.timezone.utc): 1.47, FakeDatetime(2022, 12, 7, 14, 0, tzinfo=datetime.timezone.utc): 1.47, FakeDatetime(2022, 12, 7, 15, 0, tzinfo=datetime.timezone.utc): 1.47, FakeDatetime(2022, 12, 7, 16, 0, tzinfo=datetime.timezone.utc): 1.47, FakeDatetime(2022, 12, 7, 17, 0, tzinfo=datetime.timezone.utc): 1.47, FakeDatetime(2022, 12, 7, 18, 0, tzinfo=datetime.timezone.utc): 1.47, FakeDatetime(2022, 12, 7, 19, 0, tzinfo=datetime.timezone.utc): 1.47, FakeDatetime(2022, 12, 7, 20, 0, tzinfo=datetime.timezone.utc): 1.47, FakeDatetime(2022, 12, 7, 21, 0, tzinfo=datetime.timezone.utc): 1.47, FakeDatetime(2022, 12, 7, 22, 0, tzinfo=datetime.timezone.utc): 1.47}, average_price=1.46)
# ---
# name: test_gas_none_date
  Gas(prices={datetime.datetime(2022, 12, 5, 23, 0, tzinfo=datetime.timezone.utc): 1.43, datetime.datetime(2022, 12, 6, 0, 0, tzinfo=datetime.timezone.utc): 1.43, datetime.datetime(2022, 12, 6, 1, 0, tzinfo=datetime.timezone.utc): 1.43, datetime.datetime(2022, 12, 6, 2, 0, tzinfo=datetime.timezone.utc): 1.43, datetime.datetime(2022, 12, 6, 3, 0, tzinfo=datetime.timezone.utc): 1.43, datetime.datetime(2022, 12, 6, 4, 0, tzinfo=datetime.timezone.utc): 1.43, datetime.datetime(2022, 12, 6, 5, 0, tzinfo=datetime.timezone.utc): 1.45, datetime.datetime(2022, 12, 6, 6, 0, tzinfo=datetime.timezone.utc): 1.45, datetime.datetime(2022, 12, 6, 7, 0, tzinfo=datetime.timezone.utc): 1.45, datetime.datetime(2022, 12, 6, 8, 0, tzinfo=datetime.timezone.utc): 1.45, datetime.datetime(2022, 12, 6, 9, 0, tzinfo=datetime.timezone.utc): 1.45, datetime.datetime(2022, 12, 6, 10, 0, tzinfo=datetime.timezone.utc): 1.45, datetime.datetime(2022, 12, 6, 11, 0, tzinfo=datetime.timezone.utc): 1.45, datetime.datetime(2022, 12, 6, 12, 0, tzinfo=datetime.timezone.utc): 1.45, datetime.datetime(2022, 12, 6, 13, 0, tzinfo=datetime.timezone.utc): 1.45, datetime.datetime(2022, 12, 6, 14, 0, tzinfo=datetime.timezone.utc): 1.45, datetime.datetime(2022, 12, 6, 15, 0, tzinfo=datetime.timezone.utc): 1.45, datetime.datetime(2022, 12, 6, 16, 0, tzinfo=datetime.timezone.utc): 1.45, datetime.datetime(2022, 12, 6, 17, 0, tzinfo=datetime.timezone.utc): 1.45, datetime.datetime(2022, 12, 6, 18, 0, tzinfo=datetime.timezone.utc): 1.45, datetime.datetime(2022, 12, 6, 19, 0, tzinfo=datetime.timezone.utc): 1.45, datetime.datetime(2022, 12, 6, 20, 0, tzinfo=datetime.timezone.utc): 1.45, datetime.datetime(2022, 12, 6, 21, 0, tzinfo=datetime.timezone.utc): 1.45, datetime.datetime(2022, 12, 6, 22, 0, tzinfo=datetime.timezone.utc): 1.45, datetime.datetime(2022, 12, 6, 23, 0, tzinfo=datetime.timezone.utc): 1.45, datetime.datetime(2022, 12, 7, 0, 0, tzinfo=datetime.timezone.utc): 1.45, datetime.datetime(2022, 12, 7, 1, 0, tzinfo=datetime.timezone.utc): 1.45, datetime.datetime(2022, 12, 7, 2, 0, tzinfo=datetime.timezone.utc): 1.45, datetime.datetime(2022, 12, 7, 3, 0, tzinfo=datetime.timezone.utc): 1.45, datetime.datetime(2022, 12, 7, 4, 0, tzinfo=datetime.timezone.utc): 1.45, datetime.datetime(2022, 12, 7, 5, 0, tzinfo=datetime.timezone.utc): 1.47, datetime.datetime(2022, 12, 7, 6, 0, tzinfo=datetime.timezone.utc): 1.47, datetime.datetime(2022, 12, 7, 7, 0, tzinfo=datetime.timezone.utc): 1.47, datetime.datetime(2022, 12, 7, 8, 0, tzinfo=datetime.timezone.utc): 1.47, datetime.datetime(2022, 12, 7, 9, 0, tzinfo=datetime.timezone.utc): 1.47, datetime.datetime(2022, 12, 7, 10, 0, tzinfo=datetime.timezone.utc): 1.47, datetime.datetime(2022, 12, 7, 11, 0, tzinfo=datetime.timezone.utc): 1.47, datetime.datetime(2022, 12, 7, 12, 0, tzinfo=datetime.timezone.utc): 1.47, datetime.datetime(2022, 12, 7, 13, 0, tzinfo=datetime.timezone.utc): 1.47, datetime.datetime(2022, 12, 7, 14, 0, tzinfo=datetime.timezone.utc): 1.47, datetime.datetime(2022, 12, 7, 15, 0, tzinfo=datetime.timezone.utc): 1.47, datetime.datetime(2022, 12, 7, 16, 0, tzinfo=datetime.timezone.utc): 1.47, datetime.datetime(2022, 12, 7, 17, 0, tzinfo=datetime.timezone.utc): 1.47, datetime.datetime(2022, 12, 7, 18, 0, tzinfo=datetime.timezone.utc): 1.47, datetime.datetime(2022, 12, 7, 19, 0, tzinfo=datetime.timezone.utc): 1.47, datetime.datetime(2022, 12, 7, 20, 0, tzinfo=datetime.timezone.utc): 1.47, datetime.datetime(2022, 12, 7, 21, 0, tzinfo=datetime.timezone.utc): 1.47, datetime.datetime(2022, 12, 7, 22, 0, tzinfo=datetime.timezone.utc): 1.47}, average_price=1.46)
# ---
